// Jest Snapshot v1, https://goo.gl/fbAQLP

exports[`CategorySelector from unit test it should render without crashing 1`] = `ShallowWrapper {}`;

exports[`CategorySelector from unit test should render without crashing 1`] = `ShallowWrapper {}`;
