// Jest Snapshot v1, https://goo.gl/fbAQLP

exports[`NumSelector from unit test it should render without crashing 1`] = `ShallowWrapper {}`;

exports[`it should render without crashing 1`] = `ShallowWrapper {}`;
